📊 MONITORANDO: momentum_demo
Atualizando a cada 30 segundos (Ctrl+C para parar)

[H[2J[3J═══════════════════════════════════════════════════════════
 🚀 PAPER TRADING - 23:14:49
═══════════════════════════════════════════════════════════

⏱️  Tempo: 4 minutos
📊 Candles: 4 | Sinais: 0 | Trades: 0

💰 Balance: $1000.00
📈 PnL: $0.00 (0.00%)

📍 Nenhuma posição aberta

═══════════════════════════════════════════════════════════
Próxima atualização em 30s...
[H[2J[3J═══════════════════════════════════════════════════════════
 🚀 PAPER TRADING - 23:15:19
═══════════════════════════════════════════════════════════

⏱️  Tempo: 4 minutos
📊 Candles: 5 | Sinais: 0 | Trades: 0

💰 Balance: $1000.00
📈 PnL: $0.00 (0.00%)

📍 Nenhuma posição aberta

═══════════════════════════════════════════════════════════
Próxima atualização em 30s...
[H[2J[3J═══════════════════════════════════════════════════════════
 🚀 PAPER TRADING - 23:15:49
═══════════════════════════════════════════════════════════

⏱️  Tempo: 5 minutos
📊 Candles: 5 | Sinais: 0 | Trades: 0

💰 Balance: $1000.00
📈 PnL: $0.00 (0.00%)

📍 Nenhuma posição aberta

═══════════════════════════════════════════════════════════
Próxima atualização em 30s...
[H[2J[3J═══════════════════════════════════════════════════════════
 🚀 PAPER TRADING - 23:16:19
═══════════════════════════════════════════════════════════

⏱️  Tempo: 5 minutos
📊 Candles: 6 | Sinais: 0 | Trades: 0

💰 Balance: $1000.00
📈 PnL: $0.00 (0.00%)

📍 Nenhuma posição aberta

═══════════════════════════════════════════════════════════
Próxima atualização em 30s...
[H[2J[3J═══════════════════════════════════════════════════════════
 🚀 PAPER TRADING - 23:16:50
═══════════════════════════════════════════════════════════

⏱️  Tempo: 6 minutos
📊 Candles: 6 | Sinais: 0 | Trades: 0

💰 Balance: $1000.00
📈 PnL: $0.00 (0.00%)

📍 Nenhuma posição aberta

═══════════════════════════════════════════════════════════
Próxima atualização em 30s...
[H[2J[3J═══════════════════════════════════════════════════════════
 🚀 PAPER TRADING - 23:17:20
═══════════════════════════════════════════════════════════

⏱️  Tempo: 6 minutos
📊 Candles: 7 | Sinais: 0 | Trades: 0

💰 Balance: $1000.00
📈 PnL: $0.00 (0.00%)

📍 Nenhuma posição aberta

═══════════════════════════════════════════════════════════
Próxima atualização em 30s...
[H[2J[3J═══════════════════════════════════════════════════════════
 🚀 PAPER TRADING - 23:17:50
═══════════════════════════════════════════════════════════

⏱️  Tempo: 7 minutos
📊 Candles: 7 | Sinais: 0 | Trades: 0

💰 Balance: $1000.00
📈 PnL: $0.00 (0.00%)

📍 Nenhuma posição aberta

═══════════════════════════════════════════════════════════
Próxima atualização em 30s...
[H[2J[3J═══════════════════════════════════════════════════════════
 🚀 PAPER TRADING - 23:18:20
═══════════════════════════════════════════════════════════

⏱️  Tempo: 7 minutos
📊 Candles: 8 | Sinais: 0 | Trades: 0

💰 Balance: $1000.00
📈 PnL: $0.00 (0.00%)

📍 Nenhuma posição aberta

═══════════════════════════════════════════════════════════
Próxima atualização em 30s...
[H[2J[3J═══════════════════════════════════════════════════════════
 🚀 PAPER TRADING - 23:18:50
═══════════════════════════════════════════════════════════

⏱️  Tempo: 8 minutos
📊 Candles: 8 | Sinais: 0 | Trades: 0

💰 Balance: $1000.00
📈 PnL: $0.00 (0.00%)

📍 Nenhuma posição aberta

═══════════════════════════════════════════════════════════
Próxima atualização em 30s...
[H[2J[3J═══════════════════════════════════════════════════════════
 🚀 PAPER TRADING - 23:19:21
═══════════════════════════════════════════════════════════

⏱️  Tempo: 8 minutos
📊 Candles: 9 | Sinais: 0 | Trades: 0

💰 Balance: $1000.00
📈 PnL: $0.00 (0.00%)

📍 Nenhuma posição aberta

═══════════════════════════════════════════════════════════
Próxima atualização em 30s...
