[2025-12-16 12:17:08] ==========================================
[2025-12-16 12:17:08] WALK-FORWARD OPTIMIZATION - 2026
[2025-12-16 12:17:08] ==========================================
[2025-12-16 12:17:08] 
[2025-12-16 12:17:08] 📅 Período: 2025-11-01 → 
[2025-12-16 12:17:08] 
[2025-12-16 12:17:08] 🔄 Executando backtest...
[2025-12-16 12:17:08] Executando backtest: 2025-11-01 → 
[2025-12-16 12:17:08] 📊 RESULTADOS:
[2025-12-16 12:17:08]    Return: %
[2025-12-16 12:17:08]    Sharpe: 
[2025-12-16 12:17:08]    Sortino: 
[2025-12-16 12:17:08]    Profit Factor: 
[2025-12-16 12:17:08]    Max DD: %
[2025-12-16 12:17:08]    Win Rate: %
[2025-12-16 12:17:08]    Trades: 
[2025-12-16 12:17:08] 
[2025-12-16 12:17:08] 🔔 ALERTAS:
[2025-12-16 12:19:18] ==========================================
[2025-12-16 12:19:18] WALK-FORWARD OPTIMIZATION - 2026
[2025-12-16 12:19:18] ==========================================
[2025-12-16 12:19:18] 
[2025-12-16 12:19:18] 📅 Período: 2025-11-01 → 2025-11-30
[2025-12-16 12:19:18] 
[2025-12-16 12:19:18] 🔄 Executando backtest...
[2025-12-16 12:19:18] Executando backtest: 2025-11-01 → 2025-11-30
[2025-12-16 12:19:29] 📊 RESULTADOS:
[2025-12-16 12:19:29]    Return: %
[2025-12-16 12:19:29]    Sharpe: 
[2025-12-16 12:19:29]    Sortino: 
[2025-12-16 12:19:29]    Profit Factor: 
[2025-12-16 12:19:29]    Max DD: %
[2025-12-16 12:19:29]    Win Rate: %
[2025-12-16 12:19:29]    Trades: 
[2025-12-16 12:19:29] 
[2025-12-16 12:19:29] 🔔 ALERTAS:
[2025-12-16 12:21:29] ==========================================
[2025-12-16 12:21:29] WALK-FORWARD OPTIMIZATION - 2026
[2025-12-16 12:21:29] ==========================================
[2025-12-16 12:21:29] 
[2025-12-16 12:21:29] 📅 Período: 2025-11-01 → 2025-11-30
[2025-12-16 12:21:29] 
[2025-12-16 12:21:29] 🔄 Executando backtest...
[2025-12-16 12:21:30] Executando backtest: 2025-11-01 → 2025-11-30
[2025-12-16 12:21:40] 📊 RESULTADOS:
[2025-12-16 12:21:40]    Return: %
[2025-12-16 12:21:40]    Sharpe: 
[2025-12-16 12:21:40]    Sortino: 
[2025-12-16 12:21:40]    Profit Factor: 
[2025-12-16 12:21:40]    Max DD: %
[2025-12-16 12:21:40]    Win Rate: %
[2025-12-16 12:21:40]    Trades: 
[2025-12-16 12:21:40] 
[2025-12-16 12:21:40] 🔔 ALERTAS:
[2025-12-16 12:21:55] ==========================================
[2025-12-16 12:21:55] WALK-FORWARD OPTIMIZATION - 2026
[2025-12-16 12:21:55] ==========================================
[2025-12-16 12:21:55] 
[2025-12-16 12:21:55] 📅 Período: 2025-11-01 → 2025-11-30
[2025-12-16 12:21:55] 
[2025-12-16 12:21:55] 🔄 Executando backtest...
[2025-12-16 12:21:55] Executando backtest: 2025-11-01 → 2025-11-30
[2025-12-16 12:22:05] 📊 RESULTADOS:
[2025-12-16 12:22:05]    Return: %
[2025-12-16 12:22:05]    Sharpe: 
[2025-12-16 12:22:05]    Sortino: 
[2025-12-16 12:22:05]    Profit Factor: 
[2025-12-16 12:22:05]    Max DD: %
[2025-12-16 12:22:05]    Win Rate: %
[2025-12-16 12:22:05]    Trades: 
[2025-12-16 12:22:05] 
[2025-12-16 12:22:05] 🔔 ALERTAS:
[2025-12-16 12:24:10] ==========================================
[2025-12-16 12:24:10] WALK-FORWARD OPTIMIZATION - 2026
[2025-12-16 12:24:10] ==========================================
[2025-12-16 12:24:10] 
[2025-12-16 12:24:10] 📅 Período: 2025-11-01 → 2025-11-30
[2025-12-16 12:24:10] 
[2025-12-16 12:24:10] 🔄 Executando backtest...
[2025-12-16 12:24:10] Executando backtest: 2025-11-01 → 2025-11-30
[2025-12-16 12:24:46] ==========================================
[2025-12-16 12:24:46] WALK-FORWARD OPTIMIZATION - 2026
[2025-12-16 12:24:46] ==========================================
[2025-12-16 12:24:46] 
[2025-12-16 12:24:46] 📅 Período: 2025-11-01 → 2025-11-30
[2025-12-16 12:24:46] 
[2025-12-16 12:24:46] 🔄 Executando backtest...
[2025-12-16 12:24:46] Executando backtest: 2025-11-01 → 2025-11-30
